==============================================================================
testDemo6 :: To validate the Login Form                                       
==============================================================================
Validate UnSuccessful Login                                             
  Traceback (most recent call last):
    ~~~~~~~~~~~~~~~~~~~~~~~~~~~~~~~~~~~~~~~~~~~~~~~~~~~~~~~~~~~~~~~~~~~~~~~~~~
    File  C:\Users\guneet.singh2\PycharmProjects\RobotFrameworkDemo\tests\testDemo6.robot:20
    T:  Validate UnSuccessful Login    
    ~~~~~~~~~~~~~~~~~~~~~~~~~~~~~~~~~~~~~~~~~~~~~~~~~~~~~~~~~~~~~~~~~~~~~~~~~~
    File  C:\Users\guneet.singh2\PycharmProjects\RobotFrameworkDemo\tests\testDemo6.robot:6
      open the browser with login url    
______________________________________________________________________________
| FAIL |
Setup failed:
Keyword 'Generic.open the browser with login url' expected 1 argument, got 0.
------------------------------------------------------------------------------
testDemo6 :: To validate the Login Form                               | FAIL |
1 test, 0 passed, 1 failed
==============================================================================
Output:  C:\Users\guneet.singh2\PycharmProjects\RobotFrameworkDemo\tests\pabot_results\1\output.xml
